
user@DESKTOP-JJRNHTL MINGW64 /e/SI_lab1
$ git init
git remote Initialized empty Git repository in E:/SI_lab1/.git/

user@DESKTOP-JJRNHTL MINGW64 /e/SI_lab1 (master)
$ git remote -v

user@DESKTOP-JJRNHTL MINGW64 /e/SI_lab1 (master)
$ git remote add origin https://github.com/DakiKing/SI_2023_lab1_211301.git

user@DESKTOP-JJRNHTL MINGW64 /e/SI_lab1 (master)
$ git remote -v
origin  https://github.com/DakiKing/SI_2023_lab1_211301.git (fetch)
origin  https://github.com/DakiKing/SI_2023_lab1_211301.git (push)

user@DESKTOP-JJRNHTL MINGW64 /e/SI_lab1 (master)
$ git add .

user@DESKTOP-JJRNHTL MINGW64 /e/SI_lab1 (master)
$ git commit -m "Initial commit"
[master (root-commit) f5136ec] Initial commit
 1 file changed, 1 insertion(+)
 create mode 100644 README.md
gi
user@DESKTOP-JJRNHTL MINGW64 /e/SI_lab1 (master)
$ git add .

user@DESKTOP-JJRNHTL MINGW64 /e/SI_lab1 (master)
$ git commit -m "Add java class"
[master 4389dcd] Add java class
 1 file changed, 41 insertions(+)
 create mode 100644 SILab1.java

user@DESKTOP-JJRNHTL MINGW64 /e/SI_lab1 (master)
$ git status
On branch master
nothing to commit, working tree clean

user@DESKTOP-JJRNHTL MINGW64 /e/SI_lab1 (master)
$ git push origin master
Enumerating objects: 6, done.
Counting objects: 100% (6/6), done.
Delta compression using up to 8 threads
Compressing objects: 100% (4/4), done.
Writing objects: 100% (6/6), 845 bytes | 845.00 KiB/s, done.
Total 6 (delta 0), reused 0 (delta 0), pack-reused 0
To https://github.com/DakiKing/SI_2023_lab1_211301.git
 * [new branch]      master -> master

user@DESKTOP-JJRNHTL MINGW64 /e/SI_lab1 (master)
$ git checkout -b bug1
Switched to a new branch 'bug1'

user@DESKTOP-JJRNHTL MINGW64 /e/SI_lab1 (bug1)
$ git checkout -b bug2
Switched to a new branch 'bug2'

user@DESKTOP-JJRNHTL MINGW64 /e/SI_lab1 (bug2)
$ git checkout -b bug3
Switched to a new branch 'bug3'

user@DESKTOP-JJRNHTL MINGW64 /e/SI_lab1 (bug3)
$ git checkout master
Switched to branch 'master'

user@DESKTOP-JJRNHTL MINGW64 /e/SI_lab1 (master)
$ git checkout bug1
Switched to branch 'bug1'

user@DESKTOP-JJRNHTL MINGW64 /e/SI_lab1 (bug1)
$ git statys
git: 'statys' is not a git command. See 'git --help'.

The most similar command is
        status

user@DESKTOP-JJRNHTL MINGW64 /e/SI_lab1 (bug1)
$ git status
On branch bug1
Changes not staged for commit:
  (use "git add <file>..." to update what will be committed)
  (use "git restore <file>..." to discard changes in working directory)
        modified:   SILab1.java

no changes added to commit (use "git add" and/or "git commit -a")

user@DESKTOP-JJRNHTL MINGW64 /e/SI_lab1 (bug1)
$ git checkout bug2
Switched to branch 'bug2'
M       SILab1.java

user@DESKTOP-JJRNHTL MINGW64 /e/SI_lab1 (bug2)
$ git status
On branch bug2
Changes not staged for commit:
  (use "git add <file>..." to update what will be committed)
  (use "git restore <file>..." to discard changes in working directory)
        modified:   SILab1.java

no changes added to commit (use "git add" and/or "git commit -a")

user@DESKTOP-JJRNHTL MINGW64 /e/SI_lab1 (bug2)
$ git checkout bug1
Switched to branch 'bug1'
M       SILab1.java

user@DESKTOP-JJRNHTL MINGW64 /e/SI_lab1 (bug1)
$ git status
On branch bug1
Changes not staged for commit:
  (use "git add <file>..." to update what will be committed)
  (use "git restore <file>..." to discard changes in working directory)
        modified:   SILab1.java

no changes added to commit (use "git add" and/or "git commit -a")

user@DESKTOP-JJRNHTL MINGW64 /e/SI_lab1 (bug1)
$ git add .

user@DESKTOP-JJRNHTL MINGW64 /e/SI_lab1 (bug1)
$ git commit -m "Fix wrong loop for reading"
[bug1 f193253] Fix wrong loop for reading
 1 file changed, 1 insertion(+), 1 deletion(-)

user@DESKTOP-JJRNHTL MINGW64 /e/SI_lab1 (bug1)
$ git checkout bug2
Switched to branch 'bug2'

user@DESKTOP-JJRNHTL MINGW64 /e/SI_lab1 (bug2)
$ git status
On branch bug2
nothing to commit, working tree clean

user@DESKTOP-JJRNHTL MINGW64 /e/SI_lab1 (bug2)
$ git stats
git: 'stats' is not a git command. See 'git --help'.

The most similar command is
        status

user@DESKTOP-JJRNHTL MINGW64 /e/SI_lab1 (bug2)
$ git status
On branch bug2
Changes not staged for commit:
  (use "git add <file>..." to update what will be committed)
  (use "git restore <file>..." to discard changes in working directory)
        modified:   SILab1.java

no changes added to commit (use "git add" and/or "git commit -a")

user@DESKTOP-JJRNHTL MINGW64 /e/SI_lab1 (bug2)
$ git add .

user@DESKTOP-JJRNHTL MINGW64 /e/SI_lab1 (bug2)
$ git commit -m "Fix wrong condition in filterOddNumbers"
[bug2 d1975d6] Fix wrong condition in filterOddNumbers
 1 file changed, 1 insertion(+), 1 deletion(-)

user@DESKTOP-JJRNHTL MINGW64 /e/SI_lab1 (bug2)
$ git status
On branch bug2
nothing to commit, working tree clean

user@DESKTOP-JJRNHTL MINGW64 /e/SI_lab1 (bug2)
$ git checkout bug3
Switched to branch 'bug3'

user@DESKTOP-JJRNHTL MINGW64 /e/SI_lab1 (bug3)
$ git status
On branch bug3
Changes not staged for commit:
  (use "git add <file>..." to update what will be committed)
  (use "git restore <file>..." to discard changes in working directory)
        modified:   SILab1.java

no changes added to commit (use "git add" and/or "git commit -a")

user@DESKTOP-JJRNHTL MINGW64 /e/SI_lab1 (bug3)
$ git add .
g
user@DESKTOP-JJRNHTL MINGW64 /e/SI_lab1 (bug3)
$ git commit -m "Fix method sumEvenNumbers"
[bug3 a4f4f76] Fix method sumEvenNumbers
 1 file changed, 1 insertion(+), 1 deletion(-)
g
user@DESKTOP-JJRNHTL MINGW64 /e/SI_lab1 (bug3)
$ git status
On branch bug3
nothing to commit, working tree clean

user@DESKTOP-JJRNHTL MINGW64 /e/SI_lab1 (bug3)
$ git checkout master
Switched to branch 'master'

user@DESKTOP-JJRNHTL MINGW64 /e/SI_lab1 (master)
$ git status
On branch master
nothing to commit, working tree clean
g
user@DESKTOP-JJRNHTL MINGW64 /e/SI_lab1 (master)
$ git push origin master
Everything up-to-date

user@DESKTOP-JJRNHTL MINGW64 /e/SI_lab1 (master)
$ git checkout bug1
Switched to branch 'bug1'

user@DESKTOP-JJRNHTL MINGW64 /e/SI_lab1 (bug1)
$ git push origin bug1
Enumerating objects: 5, done.
Counting objects: 100% (5/5), done.
Delta compression using up to 8 threads
Compressing objects: 100% (3/3), done.
Writing objects: 100% (3/3), 324 bytes | 324.00 KiB/s, done.
Total 3 (delta 1), reused 0 (delta 0), pack-reused 0
remote: Resolving deltas: 100% (1/1), completed with 1 local object.
remote:
remote: Create a pull request for 'bug1' on GitHub by visiting:
remote:      https://github.com/DakiKing/SI_2023_lab1_211301/pull/new/bug1
remote:
To https://github.com/DakiKing/SI_2023_lab1_211301.git
 * [new branch]      bug1 -> bug1

user@DESKTOP-JJRNHTL MINGW64 /e/SI_lab1 (bug1)
$ git checkout bug2
Switched to branch 'bug2'

user@DESKTOP-JJRNHTL MINGW64 /e/SI_lab1 (bug2)
$ git push origin bug2
Enumerating objects: 5, done.
Counting objects: 100% (5/5), done.
Delta compression using up to 8 threads
Compressing objects: 100% (3/3), done.
Writing objects: 100% (3/3), 346 bytes | 346.00 KiB/s, done.
Total 3 (delta 1), reused 0 (delta 0), pack-reused 0
remote: Resolving deltas: 100% (1/1), completed with 1 local object.
remote:
remote: Create a pull request for 'bug2' on GitHub by visiting:
remote:      https://github.com/DakiKing/SI_2023_lab1_211301/pull/new/bug2
remote:
To https://github.com/DakiKing/SI_2023_lab1_211301.git
 * [new branch]      bug2 -> bug2

user@DESKTOP-JJRNHTL MINGW64 /e/SI_lab1 (bug2)
$ git checkout bug3
Switched to branch 'bug3'

user@DESKTOP-JJRNHTL MINGW64 /e/SI_lab1 (bug3)
$ git push origin bug3
Enumerating objects: 5, done.
Counting objects: 100% (5/5), done.
Delta compression using up to 8 threads
Compressing objects: 100% (3/3), done.
Writing objects: 100% (3/3), 332 bytes | 332.00 KiB/s, done.
Total 3 (delta 1), reused 0 (delta 0), pack-reused 0
remote: Resolving deltas: 100% (1/1), completed with 1 local object.
remote:
remote: Create a pull request for 'bug3' on GitHub by visiting:
remote:      https://github.com/DakiKing/SI_2023_lab1_211301/pull/new/bug3
remote:
To https://github.com/DakiKing/SI_2023_lab1_211301.git
 * [new branch]      bug3 -> bug3

user@DESKTOP-JJRNHTL MINGW64 /e/SI_lab1 (bug3)
$ git checkut master
git: 'checkut' is not a git command. See 'git --help'.

The most similar command is
        checkout

user@DESKTOP-JJRNHTL MINGW64 /e/SI_lab1 (bug3)
$ git checkout master
Switched to branch 'master'

user@DESKTOP-JJRNHTL MINGW64 /e/SI_lab1 (master)
$ git merge bug1
Updating 4389dcd..f193253
Fast-forward
 SILab1.java | 2 +-
 1 file changed, 1 insertion(+), 1 deletion(-)

user@DESKTOP-JJRNHTL MINGW64 /e/SI_lab1 (master)
$ git push origin master
Total 0 (delta 0), reused 0 (delta 0), pack-reused 0
To https://github.com/DakiKing/SI_2023_lab1_211301.git
   4389dcd..f193253  master -> master

user@DESKTOP-JJRNHTL MINGW64 /e/SI_lab1 (master)
$ git merge bug2
Auto-merging SILab1.java
Merge made by the 'ort' strategy.
 SILab1.java | 2 +-
 1 file changed, 1 insertion(+), 1 deletion(-)

user@DESKTOP-JJRNHTL MINGW64 /e/SI_lab1 (master)
$ git push origin master
Enumerating objects: 7, done.
Counting objects: 100% (7/7), done.
Delta compression using up to 8 threads
Compressing objects: 100% (3/3), done.
Writing objects: 100% (3/3), 357 bytes | 357.00 KiB/s, done.
Total 3 (delta 1), reused 0 (delta 0), pack-reused 0
remote: Resolving deltas: 100% (1/1), completed with 1 local object.
To https://github.com/DakiKing/SI_2023_lab1_211301.git
   f193253..d496b9e  master -> master

user@DESKTOP-JJRNHTL MINGW64 /e/SI_lab1 (master)
$ git checkout bug3
Switched to branch 'bug3'

user@DESKTOP-JJRNHTL MINGW64 /e/SI_lab1 (bug3)
$ git rebase master
Successfully rebased and updated refs/heads/bug3.

user@DESKTOP-JJRNHTL MINGW64 /e/SI_lab1 (bug3)
$ git checkout master
Switched to branch 'master'

user@DESKTOP-JJRNHTL MINGW64 /e/SI_lab1 (master)
$ git merge bug3
Updating d496b9e..629eb2d
Fast-forward
 SILab1.java | 2 +-
 1 file changed, 1 insertion(+), 1 deletion(-)

user@DESKTOP-JJRNHTL MINGW64 /e/SI_lab1 (master)
$ git push origin master
Enumerating objects: 5, done.
Counting objects: 100% (5/5), done.
Delta compression using up to 8 threads
Compressing objects: 100% (3/3), done.
Writing objects: 100% (3/3), 335 bytes | 335.00 KiB/s, done.
Total 3 (delta 1), reused 0 (delta 0), pack-reused 0
remote: Resolving deltas: 100% (1/1), completed with 1 local object.
To https://github.com/DakiKing/SI_2023_lab1_211301.git
   d496b9e..629eb2d  master -> master

user@DESKTOP-JJRNHTL MINGW64 /e/SI_lab1 (master)
$ git status
On branch master
nothing to commit, working tree clean
